src/App.tsx(57,3): error TS2304: Cannot find name 'useEffect'.
src/App.tsx(80,3): error TS2304: Cannot find name 'useEffect'.
